// Vitest Snapshot v1, https://vitest.dev/guide/snapshot.html

exports[`lineParser > parses data 1`] = `
{
  "event": "COMBAT_LOG_VERSION",
  "line": "7/1 19:58:19.733  COMBAT_LOG_VERSION,20,ADVANCED_LOG_ENABLED,1,BUILD_VERSION,10.1.0,PROJECT_ID,1",
  "offset": 0,
  "payload": [
    20,
    "ADVANCED_LOG_ENABLED",
    1,
    "BUILD_VERSION",
    "10.1.0",
    "PROJECT_ID",
    1,
  ],
  "time": 15706699733,
}
`;

exports[`parser > parses advanced params 1`] = `
{
  "advanced": {
    "absorb": 0,
    "armor": 5043,
    "attackPower": 0,
    "currentHp": 1058555,
    "currentPower": 0,
    "facing": 4.3295,
    "infoGuid": "Creature-0-4243-2520-16265-189299-000A33F254",
    "level": 70,
    "maxHp": 1252000,
    "maxPower": 0,
    "ownerGuid": "0000000000000000",
    "positionX": -3374.4,
    "positionY": 4189.57,
    "powerCost": 0,
    "powerType": 1,
    "spellPower": 0,
    "uiMapId": 2096,
  },
  "baseParams": {
    "destFlags": 2632,
    "destGuid": "Creature-0-4243-2520-16265-189299-000A33F254",
    "destName": "Decaying Slime",
    "destRaidFlags": 16,
    "sourceFlags": 1298,
    "sourceGuid": "Player-3686-0A037075",
    "sourceName": "Montezooma-Antonidas",
    "sourceRaidFlags": 0,
  },
  "deltaTime": 0,
  "name": "SPELL_DAMAGE_SUPPORT",
  "prefixes": [
    395152,
    "Ebon Might",
    12,
  ],
  "suffixes": [
    4349,
    2817,
    -1,
    1,
    0,
    0,
    0,
    1,
    null,
    null,
    "Player-3692-0A0141BE",
  ],
  "time": 16987677649,
  "untyped": null,
}
`;
